python.exe : Traceback (most recent call last):
At line:1 char:1
+ & c:/Users/23add/workspace/Nexus/rag_pipline/env
Rag/Scripts/python.ex ...
+ ~~~~~~~~~~~~~~~~~~~~~~~~~~~~~~~~~~~~~~~~~~~~~~~~
~~~~~~~~~~~~~~~~~~~~~
    + CategoryInfo          : NotSpecified: (Trac 
   eback (most recent call last)::String) [], Re  
  moteException
    + FullyQualifiedErrorId : NativeCommandError
 
  File "C:\Users\23add\workspace\Nexus\rag_pipline
\test_pipeline.py", line 182, in <module>
    test()
    ~~~~^^
  File "C:\Users\23add\workspace\Nexus\rag_pipline
\test_pipeline.py", line 31, in 
test_parse_minio_url
    print("  \u2713 minio:// format parsed 
correctly")
    ~~~~~^^^^^^^^^^^^^^^^^^^^^^^^^^^^^^^^^^^^^^^^
  File "C:\Users\23add\AppData\Local\Programs\pyth
on\Python313\Lib\encodings\cp1252.py", line 19, 
in encode
    return codecs.charmap_encode(input,self.errors
,encoding_table)[0]
           ~~~~~~~~~~~~~~~~~~~~~^^^^^^^^^^^^^^^^^^
^^^^^^^^^^^^^^^^
UnicodeEncodeError: 'charmap' codec can't encode 
character '\u2713' in position 2: character maps 
to <undefined>

During handling of the above exception, another 
exception occurred:

Traceback (most recent call last):
  File "<frozen runpy>", line 198, in 
_run_module_as_main
  File "<frozen runpy>", line 88, in _run_code
  File "C:\Users\23add\workspace\Nexus\rag_pipline
\test_pipeline.py", line 185, in <module>
    print(f"  \u2717 {test.__name__} failed: {e}")
    ~~~~~^^^^^^^^^^^^^^^^^^^^^^^^^^^^^^^^^^^^
  File "C:\Users\23add\AppData\Local\Programs\pyth
on\Python313\Lib\encodings\cp1252.py", line 19, 
in encode
    return codecs.charmap_encode(input,self.errors
,encoding_table)[0]
           ~~~~~~~~~~~~~~~~~~~~~^^^^^^^^^^^^^^^^^^
^^^^^^^^^^^^^^^^
UnicodeEncodeError: 'charmap' codec can't encode 
character '\u2717' in position 2: character maps 
to <undefined>
======================================================================
Running Pipeline Component Tests
======================================================================

Testing MinIO URL parsing...
